2021/05/13 01:44:20 [error] 5291#5291: *263 FastCGI sent in stderr: "Primary script unknown" while reading response header from upstream, client: 172.68.57.76, server: griinbox.com, request: "GET /true-religion-strikpullover-striktr%C3%B8jer-black-damer-striktr%C3%B8jertrue-religion-bubetti-skok%C3%B8b-de-billige-p-1032.html HTTP/1.1", upstream: "fastcgi://unix:/run/php-fpm7/php-fpm.sock:", host: "www.griinbox.com"
2021/05/13 01:44:22 [crit] 5291#5291: *261 stat() "/home/arch/griinbox.com/html/gstar-overdele-tshirts-toppe-kortrmede-us-r-t-wmn-s-sartho-bluemilk-autumn-winter-2016kb-gstar-tj-onlinekb-billige-p-256.html" failed (13: Permission denied), client: 162.158.94.133, server: griinbox.com, request: "GET /gstar-overdele-tshirts-toppe-kort%C3%A6rmede-us-r-t-wmn-s-sartho-bluemilk-autumn-winter-2016k%C3%B8b-gstar-t%C3%B8j-onlinek%C3%B8b-billige-p-256.html HTTP/1.1", host: "www.griinbox.com"
2021/05/13 01:44:22 [crit] 5291#5291: *261 stat() "/home/arch/griinbox.com/html/gstar-overdele-tshirts-toppe-kortrmede-us-r-t-wmn-s-sartho-bluemilk-autumn-winter-2016kb-gstar-tj-onlinekb-billige-p-256.html" failed (13: Permission denied), client: 162.158.94.133, server: griinbox.com, request: "GET /gstar-overdele-tshirts-toppe-kort%C3%A6rmede-us-r-t-wmn-s-sartho-bluemilk-autumn-winter-2016k%C3%B8b-gstar-t%C3%B8j-onlinek%C3%B8b-billige-p-256.html HTTP/1.1", host: "www.griinbox.com"
2021/05/13 01:44:22 [error] 5291#5291: *261 FastCGI sent in stderr: "Primary script unknown" while reading response header from upstream, client: 162.158.94.133, server: griinbox.com, request: "GET /gstar-overdele-tshirts-toppe-kort%C3%A6rmede-us-r-t-wmn-s-sartho-bluemilk-autumn-winter-2016k%C3%B8b-gstar-t%C3%B8j-onlinek%C3%B8b-billige-p-256.html HTTP/1.1", upstream: "fastcgi://unix:/run/php-fpm7/php-fpm.sock:", host: "www.griinbox.com"
2021/05/13 01:44:29 [crit] 5291#5291: *266 stat() "/home/arch/griinbox.com/html/gstar-overdele-tshirts-toppe-langrmede-us-r-sw-wmn-3-sartho-bluemilk-autumn-winter-2016g-star-online-outletengroshandel-giver-p-259.html" failed (13: Permission denied), client: 162.158.94.133, server: griinbox.com, request: "GET /gstar-overdele-tshirts-toppe-lang%C3%A6rmede-us-r-sw-wmn-3-sartho-bluemilk-autumn-winter-2016g-star-online-outletengroshandel-giver-p-259.html HTTP/1.1", host: "www.griinbox.com"
2021/05/13 01:44:29 [crit] 5291#5291: *266 stat() "/home/arch/griinbox.com/html/gstar-overdele-tshirts-toppe-langrmede-us-r-sw-wmn-3-sartho-bluemilk-autumn-winter-2016g-star-online-outletengroshandel-giver-p-259.html" failed (13: Permission denied), client: 162.158.94.133, server: griinbox.com, request: "GET /gstar-overdele-tshirts-toppe-lang%C3%A6rmede-us-r-sw-wmn-3-sartho-bluemilk-autumn-winter-2016g-star-online-outletengroshandel-giver-p-259.html HTTP/1.1", host: "www.griinbox.com"
2021/05/13 01:44:29 [error] 5291#5291: *266 FastCGI sent in stderr: "Primary script unknown" while reading response header from upstream, client: 162.158.94.133, server: griinbox.com, request: "GET /gstar-overdele-tshirts-toppe-lang%C3%A6rmede-us-r-sw-wmn-3-sartho-bluemilk-autumn-winter-2016g-star-online-outletengroshandel-giver-p-259.html HTTP/1.1", upstream: "fastcgi://unix:/run/php-fpm7/php-fpm.sock:", host: "www.griinbox.com"
2021/05/13 01:44:35 [crit] 5291#5291: *268 stat() "/home/arch/griinbox.com/html/gstar-overdele-tshirts-toppe-langrmede-us-slim-r-t-wmn-l-black-autumn-winter-2016gstar-jeans-angebotekbenhavn-p-250.html" failed (13: Permission denied), client: 162.158.94.132, server: griinbox.com, request: "GET /gstar-overdele-tshirts-toppe-lang%C3%A6rmede-us-slim-r-t-wmn-l-black-autumn-winter-2016gstar-jeans-angebotek%C3%B8benhavn-p-250.html HTTP/1.1", host: "www.griinbox.com"
2021/05/13 01:44:35 [crit] 5291#5291: *268 stat() "/home/arch/griinbox.com/html/gstar-overdele-tshirts-toppe-langrmede-us-slim-r-t-wmn-l-black-autumn-winter-2016gstar-jeans-angebotekbenhavn-p-250.html" failed (13: Permission denied), client: 162.158.94.132, server: griinbox.com, request: "GET /gstar-overdele-tshirts-toppe-lang%C3%A6rmede-us-slim-r-t-wmn-l-black-autumn-winter-2016gstar-jeans-angebotek%C3%B8benhavn-p-250.html HTTP/1.1", host: "www.griinbox.com"
2021/05/13 01:44:35 [error] 5291#5291: *268 FastCGI sent in stderr: "Primary script unknown" while reading response header from upstream, client: 162.158.94.132, server: griinbox.com, request: "GET /gstar-overdele-tshirts-toppe-lang%C3%A6rmede-us-slim-r-t-wmn-l-black-autumn-winter-2016gstar-jeans-angebotek%C3%B8benhavn-p-250.html HTTP/1.1", upstream: "fastcgi://unix:/run/php-fpm7/php-fpm.sock:", host: "www.griinbox.com"
2021/05/13 01:44:42 [crit] 5291#5291: *270 stat() "/home/arch/griinbox.com/html/gstar-overdele-tshirts-toppe-langrmede-us-turtle-1-black-autumn-winter-2016gstar-online-danmarkbegrnset-tid-fremme-p-253.html" failed (13: Permission denied), client: 162.158.94.133, server: griinbox.com, request: "GET /gstar-overdele-tshirts-toppe-lang%C3%A6rmede-us-turtle-1-black-autumn-winter-2016gstar-online-danmarkbegr%C3%A6nset-tid-fremme-p-253.html HTTP/1.1", host: "www.griinbox.com"
2021/05/13 01:44:42 [crit] 5291#5291: *270 stat() "/home/arch/griinbox.com/html/gstar-overdele-tshirts-toppe-langrmede-us-turtle-1-black-autumn-winter-2016gstar-online-danmarkbegrnset-tid-fremme-p-253.html" failed (13: Permission denied), client: 162.158.94.133, server: griinbox.com, request: "GET /gstar-overdele-tshirts-toppe-lang%C3%A6rmede-us-turtle-1-black-autumn-winter-2016gstar-online-danmarkbegr%C3%A6nset-tid-fremme-p-253.html HTTP/1.1", host: "www.griinbox.com"
2021/05/13 01:44:42 [error] 5291#5291: *270 FastCGI sent in stderr: "Primary script unknown" while reading response header from upstream, client: 162.158.94.133, server: griinbox.com, request: "GET /gstar-overdele-tshirts-toppe-lang%C3%A6rmede-us-turtle-1-black-autumn-winter-2016gstar-online-danmarkbegr%C3%A6nset-tid-fremme-p-253.html HTTP/1.1", upstream: "fastcgi://unix:/run/php-fpm7/php-fpm.sock:", host: "www.griinbox.com"
2021/05/13 01:44:48 [crit] 5291#5291: *217 stat() "/home/arch/griinbox.com/html/gstar-overdele-tshirts-toppe-langrmede-us-warscha-sports-r-t-wmn-3-black-autumn-winter-2016g-star-sale-shoesshopping-guide-p-258.html" failed (13: Permission denied), client: 162.158.94.133, server: griinbox.com, request: "GET /gstar-overdele-tshirts-toppe-lang%C3%A6rmede-us-warscha-sports-r-t-wmn-3-black-autumn-winter-2016g-star-sale-shoesshopping-guide-p-258.html HTTP/1.1", host: "www.griinbox.com"
2021/05/13 01:44:48 [crit] 5291#5291: *217 stat() "/home/arch/griinbox.com/html/gstar-overdele-tshirts-toppe-langrmede-us-warscha-sports-r-t-wmn-3-black-autumn-winter-2016g-star-sale-shoesshopping-guide-p-258.html" failed (13: Permission denied), client: 162.158.94.133, server: griinbox.com, request: "GET /gstar-overdele-tshirts-toppe-lang%C3%A6rmede-us-warscha-sports-r-t-wmn-3-black-autumn-winter-2016g-star-sale-shoesshopping-guide-p-258.html HTTP/1.1", host: "www.griinbox.com"
2021/05/13 01:44:48 [error] 5291#5291: *217 FastCGI sent in stderr: "Primary script unknown" while reading response header from upstream, client: 162.158.94.133, server: griinbox.com, request: "GET /gstar-overdele-tshirts-toppe-lang%C3%A6rmede-us-warscha-sports-r-t-wmn-3-black-autumn-winter-2016g-star-sale-shoesshopping-guide-p-258.html HTTP/1.1", upstream: "fastcgi://unix:/run/php-fpm7/php-fpm.sock:", host: "www.griinbox.com"
2021/05/13 01:44:53 [crit] 5291#5291: *266 stat() "/home/arch/griinbox.com/html/gstar-overdele-tshirts-toppe-rmelse-ridram-slim-r-t-wmn-tanktop-indigo-gstar-tshirt-udsalgstrste-udvalg-p-260.html" failed (13: Permission denied), client: 162.158.94.133, server: griinbox.com, request: "GET /gstar-overdele-tshirts-toppe-%C3%A6rmel%C3%B8se-ridram-slim-r-t-wmn-tanktop-indigo-gstar-tshirt-udsalgst%C3%B8rste-udvalg-p-260.html HTTP/1.1", host: "www.griinbox.com"
2021/05/13 01:44:53 [crit] 5291#5291: *266 stat() "/home/arch/griinbox.com/html/gstar-overdele-tshirts-toppe-rmelse-ridram-slim-r-t-wmn-tanktop-indigo-gstar-tshirt-udsalgstrste-udvalg-p-260.html" failed (13: Permission denied), client: 162.158.94.133, server: griinbox.com, request: "GET /gstar-overdele-tshirts-toppe-%C3%A6rmel%C3%B8se-ridram-slim-r-t-wmn-tanktop-indigo-gstar-tshirt-udsalgst%C3%B8rste-udvalg-p-260.html HTTP/1.1", host: "www.griinbox.com"
2021/05/13 01:44:53 [error] 5291#5291: *266 FastCGI sent in stderr: "Primary script unknown" while reading response header from upstream, client: 162.158.94.133, server: griinbox.com, request: "GET /gstar-overdele-tshirts-toppe-%C3%A6rmel%C3%B8se-ridram-slim-r-t-wmn-tanktop-indigo-gstar-tshirt-udsalgst%C3%B8rste-udvalg-p-260.html HTTP/1.1", upstream: "fastcgi://unix:/run/php-fpm7/php-fpm.sock:", host: "www.griinbox.com"
2021/05/13 01:44:57 [crit] 5291#5291: *259 stat() "/home/arch/griinbox.com/html/gstar-overdele-tunikaer-lorin-shrt-drs-khaki-gstar-tjp-tilbud-p-276.html" failed (13: Permission denied), client: 162.158.94.133, server: griinbox.com, request: "GET /gstar-overdele-tunikaer-lorin-shrt-drs-khaki-gstar-t%C3%B8jp%C3%A5-tilbud-p-276.html HTTP/1.1", host: "www.griinbox.com"
2021/05/13 01:44:57 [crit] 5291#5291: *259 stat() "/home/arch/griinbox.com/html/gstar-overdele-tunikaer-lorin-shrt-drs-khaki-gstar-tjp-tilbud-p-276.html" failed (13: Permission denied), client: 162.158.94.133, server: griinbox.com, request: "GET /gstar-overdele-tunikaer-lorin-shrt-drs-khaki-gstar-t%C3%B8jp%C3%A5-tilbud-p-276.html HTTP/1.1", host: "www.griinbox.com"
2021/05/13 01:44:57 [error] 5291#5291: *259 FastCGI sent in stderr: "Primary script unknown" while reading response header from upstream, client: 162.158.94.133, server: griinbox.com, request: "GET /gstar-overdele-tunikaer-lorin-shrt-drs-khaki-gstar-t%C3%B8jp%C3%A5-tilbud-p-276.html HTTP/1.1", upstream: "fastcgi://unix:/run/php-fpm7/php-fpm.sock:", host: "www.griinbox.com"
2021/05/13 01:45:03 [crit] 5291#5291: *259 stat() "/home/arch/griinbox.com/html/gstar-overdele-tunikaer-lorin-shrt-drs-mazarine-blue-g-star-sale-t-shirtspopulr-p-275.html" failed (13: Permission denied), client: 162.158.94.133, server: griinbox.com, request: "GET /gstar-overdele-tunikaer-lorin-shrt-drs-mazarine-blue-g-star-sale-t-shirtspopul%C3%A6r-p-275.html HTTP/1.1", host: "www.griinbox.com"
2021/05/13 01:45:03 [crit] 5291#5291: *259 stat() "/home/arch/griinbox.com/html/gstar-overdele-tunikaer-lorin-shrt-drs-mazarine-blue-g-star-sale-t-shirtspopulr-p-275.html" failed (13: Permission denied), client: 162.158.94.133, server: griinbox.com, request: "GET /gstar-overdele-tunikaer-lorin-shrt-drs-mazarine-blue-g-star-sale-t-shirtspopul%C3%A6r-p-275.html HTTP/1.1", host: "www.griinbox.com"
2021/05/13 01:45:03 [error] 5291#5291: *259 FastCGI sent in stderr: "Primary script unknown" while reading response header from upstream, client: 162.158.94.133, server: griinbox.com, request: "GET /gstar-overdele-tunikaer-lorin-shrt-drs-mazarine-blue-g-star-sale-t-shirtspopul%C3%A6r-p-275.html HTTP/1.1", upstream: "fastcgi://unix:/run/php-fpm7/php-fpm.sock:", host: "www.griinbox.com"
2021/05/13 01:45:10 [crit] 5291#5291: *261 stat() "/home/arch/griinbox.com/html/gstar-overtj-blazere-core-slim-blazer-wmn-mazarine-blue-autumn-winter-2016g-star-online-saleoverlegen-kvalitet-p-297.html" failed (13: Permission denied), client: 162.158.94.133, server: griinbox.com, request: "GET /gstar-overt%C3%B8j-blazere-core-slim-blazer-wmn-mazarine-blue-autumn-winter-2016g-star-online-saleoverlegen-kvalitet-p-297.html HTTP/1.1", host: "www.griinbox.com"
2021/05/13 01:45:10 [crit] 5291#5291: *261 stat() "/home/arch/griinbox.com/html/gstar-overtj-blazere-core-slim-blazer-wmn-mazarine-blue-autumn-winter-2016g-star-online-saleoverlegen-kvalitet-p-297.html" failed (13: Permission denied), client: 162.158.94.133, server: griinbox.com, request: "GET /gstar-overt%C3%B8j-blazere-core-slim-blazer-wmn-mazarine-blue-autumn-winter-2016g-star-online-saleoverlegen-kvalitet-p-297.html HTTP/1.1", host: "www.griinbox.com"
2021/05/13 01:45:10 [error] 5291#5291: *261 FastCGI sent in stderr: "Primary script unknown" while reading response header from upstream, client: 162.158.94.133, server: griinbox.com, request: "GET /gstar-overt%C3%B8j-blazere-core-slim-blazer-wmn-mazarine-blue-autumn-winter-2016g-star-online-saleoverlegen-kvalitet-p-297.html HTTP/1.1", upstream: "fastcgi://unix:/run/php-fpm7/php-fpm.sock:", host: "www.griinbox.com"
2021/05/13 01:45:13 [crit] 5291#5291: *277 stat() "/home/arch/griinbox.com/html/true-religion-strikpullover-striktrjer-black-damer-striktrjertrue-religion-modeskovrdig-p-1030.html" failed (13: Permission denied), client: 172.68.57.76, server: griinbox.com, request: "GET /true-religion-strikpullover-striktr%C3%B8jer-black-damer-striktr%C3%B8jertrue-religion-modeskov%C3%A6rdig-p-1030.html HTTP/1.1", host: "www.griinbox.com"
2021/05/13 01:45:13 [crit] 5291#5291: *277 stat() "/home/arch/griinbox.com/html/true-religion-strikpullover-striktrjer-black-damer-striktrjertrue-religion-modeskovrdig-p-1030.html" failed (13: Permission denied), client: 172.68.57.76, server: griinbox.com, request: "GET /true-religion-strikpullover-striktr%C3%B8jer-black-damer-striktr%C3%B8jertrue-religion-modeskov%C3%A6rdig-p-1030.html HTTP/1.1", host: "www.griinbox.com"
2021/05/13 01:45:13 [error] 5291#5291: *277 FastCGI sent in stderr: "Primary script unknown" while reading response header from upstream, client: 172.68.57.76, server: griinbox.com, request: "GET /true-religion-strikpullover-striktr%C3%B8jer-black-damer-striktr%C3%B8jertrue-religion-modeskov%C3%A6rdig-p-1030.html HTTP/1.1", upstream: "fastcgi://unix:/run/php-fpm7/php-fpm.sock:", host: "www.griinbox.com"
2021/05/13 01:45:15 [crit] 5291#5291: *279 stat() "/home/arch/griinbox.com/html/gstar-overtj-frakker-dunfrakker-alaska-down-hdd-bf-long-jkt-wmn-asfalt-autumn-winter-2016g-star-outlet-onlinekbenhavn-bningstider-p-294.html" failed (13: Permission denied), client: 162.158.94.133, server: griinbox.com, request: "GET /gstar-overt%C3%B8j-frakker-dunfrakker-alaska-down-hdd-bf-long-jkt-wmn-asfalt-autumn-winter-2016g-star-outlet-onlinek%C3%B8benhavn-%C3%A5bningstider-p-294.html HTTP/1.1", host: "www.griinbox.com"
2021/05/13 01:45:15 [crit] 5291#5291: *279 stat() "/home/arch/griinbox.com/html/gstar-overtj-frakker-dunfrakker-alaska-down-hdd-bf-long-jkt-wmn-asfalt-autumn-winter-2016g-star-outlet-onlinekbenhavn-bningstider-p-294.html" failed (13: Permission denied), client: 162.158.94.133, server: griinbox.com, request: "GET /gstar-overt%C3%B8j-frakker-dunfrakker-alaska-down-hdd-bf-long-jkt-wmn-asfalt-autumn-winter-2016g-star-outlet-onlinek%C3%B8benhavn-%C3%A5bningstider-p-294.html HTTP/1.1", host: "www.griinbox.com"
2021/05/13 01:45:15 [error] 5291#5291: *279 FastCGI sent in stderr: "Primary script unknown" while reading response header from upstream, client: 162.158.94.133, server: griinbox.com, request: "GET /gstar-overt%C3%B8j-frakker-dunfrakker-alaska-down-hdd-bf-long-jkt-wmn-asfalt-autumn-winter-2016g-star-outlet-onlinek%C3%B8benhavn-%C3%A5bningstider-p-294.html HTTP/1.1", upstream: "fastcgi://unix:/run/php-fpm7/php-fpm.sock:", host: "www.griinbox.com"
2021/05/13 01:45:23 [crit] 5291#5291: *268 stat() "/home/arch/griinbox.com/html/gstar-overtj-frakker-lette-frakker-rovic-ac-overshirt-wmn-asfaltcarbon-ao-autumn-winter-2016buy-g-star-jeansoverlegen-kvalitet-p-296.html" failed (13: Permission denied), client: 162.158.94.132, server: griinbox.com, request: "GET /gstar-overt%C3%B8j-frakker-lette-frakker-rovic-ac-overshirt-wmn-asfaltcarbon-ao-autumn-winter-2016buy-g-star-jeansoverlegen-kvalitet-p-296.html HTTP/1.1", host: "www.griinbox.com"
2021/05/13 01:45:23 [crit] 5291#5291: *268 stat() "/home/arch/griinbox.com/html/gstar-overtj-frakker-lette-frakker-rovic-ac-overshirt-wmn-asfaltcarbon-ao-autumn-winter-2016buy-g-star-jeansoverlegen-kvalitet-p-296.html" failed (13: Permission denied), client: 162.158.94.132, server: griinbox.com, request: "GET /gstar-overt%C3%B8j-frakker-lette-frakker-rovic-ac-overshirt-wmn-asfaltcarbon-ao-autumn-winter-2016buy-g-star-jeansoverlegen-kvalitet-p-296.html HTTP/1.1", host: "www.griinbox.com"
2021/05/13 01:45:23 [error] 5291#5291: *268 FastCGI sent in stderr: "Primary script unknown" while reading response header from upstream, client: 162.158.94.132, server: griinbox.com, request: "GET /gstar-overt%C3%B8j-frakker-lette-frakker-rovic-ac-overshirt-wmn-asfaltcarbon-ao-autumn-winter-2016buy-g-star-jeansoverlegen-kvalitet-p-296.html HTTP/1.1", upstream: "fastcgi://unix:/run/php-fpm7/php-fpm.sock:", host: "www.griinbox.com"
2021/05/13 01:45:29 [crit] 5291#5291: *259 stat() "/home/arch/griinbox.com/html/gstar-overtj-frakker-parkacoats-minor-trench-wmn-blackblack-autumn-winter-2016gstar-outlet-onlinefremragende-vrdi-hot-salg-p-295.html" failed (13: Permission denied), client: 162.158.94.133, server: griinbox.com, request: "GET /gstar-overt%C3%B8j-frakker-parkacoats-minor-trench-wmn-blackblack-autumn-winter-2016gstar-outlet-onlinefremragende-v%C3%A6rdi-hot-salg-p-295.html HTTP/1.1", host: "www.griinbox.com"
2021/05/13 01:45:29 [crit] 5291#5291: *259 stat() "/home/arch/griinbox.com/html/gstar-overtj-frakker-parkacoats-minor-trench-wmn-blackblack-autumn-winter-2016gstar-outlet-onlinefremragende-vrdi-hot-salg-p-295.html" failed (13: Permission denied), client: 162.158.94.133, server: griinbox.com, request: "GET /gstar-overt%C3%B8j-frakker-parkacoats-minor-trench-wmn-blackblack-autumn-winter-2016gstar-outlet-onlinefremragende-v%C3%A6rdi-hot-salg-p-295.html HTTP/1.1", host: "www.griinbox.com"
2021/05/13 01:45:29 [error] 5291#5291: *259 FastCGI sent in stderr: "Primary script unknown" while reading response header from upstream, client: 162.158.94.133, server: griinbox.com, request: "GET /gstar-overt%C3%B8j-frakker-parkacoats-minor-trench-wmn-blackblack-autumn-winter-2016gstar-outlet-onlinefremragende-v%C3%A6rdi-hot-salg-p-295.html HTTP/1.1", upstream: "fastcgi://unix:/run/php-fpm7/php-fpm.sock:", host: "www.griinbox.com"
2021/05/13 01:45:36 [crit] 5291#5291: *259 stat() "/home/arch/griinbox.com/html/gstar-overtj-frakker-uldfrakker-peacoat-wool-black-autumn-winter-2016gstar-dkeksklusive-p-496.html" failed (13: Permission denied), client: 162.158.94.133, server: griinbox.com, request: "GET /gstar-overt%C3%B8j-frakker-uldfrakker-peacoat-wool-black-autumn-winter-2016gstar-dkeksklusive-p-496.html HTTP/1.1", host: "www.griinbox.com"
2021/05/13 01:45:36 [crit] 5291#5291: *259 stat() "/home/arch/griinbox.com/html/gstar-overtj-frakker-uldfrakker-peacoat-wool-black-autumn-winter-2016gstar-dkeksklusive-p-496.html" failed (13: Permission denied), client: 162.158.94.133, server: griinbox.com, request: "GET /gstar-overt%C3%B8j-frakker-uldfrakker-peacoat-wool-black-autumn-winter-2016gstar-dkeksklusive-p-496.html HTTP/1.1", host: "www.griinbox.com"
2021/05/13 01:45:36 [error] 5291#5291: *259 FastCGI sent in stderr: "Primary script unknown" while reading response header from upstream, client: 162.158.94.133, server: griinbox.com, request: "GET /gstar-overt%C3%B8j-frakker-uldfrakker-peacoat-wool-black-autumn-winter-2016gstar-dkeksklusive-p-496.html HTTP/1.1", upstream: "fastcgi://unix:/run/php-fpm7/php-fpm.sock:", host: "www.griinbox.com"
2021/05/13 01:45:42 [crit] 5291#5291: *261 stat() "/home/arch/griinbox.com/html/gstar-overtj-jakker-bomber-jakker-attacc-bomber-black-g-star-sko-udsalgkvalitets-salg-p-495.html" failed (13: Permission denied), client: 162.158.94.133, server: griinbox.com, request: "GET /gstar-overt%C3%B8j-jakker-bomber-jakker-attacc-bomber-black-g-star-sko-udsalgkvalitets-salg-p-495.html HTTP/1.1", host: "www.griinbox.com"
2021/05/13 01:45:42 [crit] 5291#5291: *261 stat() "/home/arch/griinbox.com/html/gstar-overtj-jakker-bomber-jakker-attacc-bomber-black-g-star-sko-udsalgkvalitets-salg-p-495.html" failed (13: Permission denied), client: 162.158.94.133, server: griinbox.com, request: "GET /gstar-overt%C3%B8j-jakker-bomber-jakker-attacc-bomber-black-g-star-sko-udsalgkvalitets-salg-p-495.html HTTP/1.1", host: "www.griinbox.com"
2021/05/13 01:45:42 [error] 5291#5291: *261 FastCGI sent in stderr: "Primary script unknown" while reading response header from upstream, client: 162.158.94.133, server: griinbox.com, request: "GET /gstar-overt%C3%B8j-jakker-bomber-jakker-attacc-bomber-black-g-star-sko-udsalgkvalitets-salg-p-495.html HTTP/1.1", upstream: "fastcgi://unix:/run/php-fpm7/php-fpm.sock:", host: "www.griinbox.com"
2021/05/13 01:45:47 [crit] 5291#5291: *266 stat() "/home/arch/griinbox.com/html/gstar-overtj-jakker-bomber-jakker-batt-ig-bomber-black-autumn-winter-2016brugt-gstar-tjdanmark-til-salg-p-488.html" failed (13: Permission denied), client: 162.158.94.133, server: griinbox.com, request: "GET /gstar-overt%C3%B8j-jakker-bomber-jakker-batt-ig-bomber-black-autumn-winter-2016brugt-gstar-t%C3%B8jdanmark-til-salg-p-488.html HTTP/1.1", host: "www.griinbox.com"
2021/05/13 01:45:47 [crit] 5291#5291: *266 stat() "/home/arch/griinbox.com/html/gstar-overtj-jakker-bomber-jakker-batt-ig-bomber-black-autumn-winter-2016brugt-gstar-tjdanmark-til-salg-p-488.html" failed (13: Permission denied), client: 162.158.94.133, server: griinbox.com, request: "GET /gstar-overt%C3%B8j-jakker-bomber-jakker-batt-ig-bomber-black-autumn-winter-2016brugt-gstar-t%C3%B8jdanmark-til-salg-p-488.html HTTP/1.1", host: "www.griinbox.com"
2021/05/13 01:45:47 [error] 5291#5291: *266 FastCGI sent in stderr: "Primary script unknown" while reading response header from upstream, client: 162.158.94.133, server: griinbox.com, request: "GET /gstar-overt%C3%B8j-jakker-bomber-jakker-batt-ig-bomber-black-autumn-winter-2016brugt-gstar-t%C3%B8jdanmark-til-salg-p-488.html HTTP/1.1", upstream: "fastcgi://unix:/run/php-fpm7/php-fpm.sock:", host: "www.griinbox.com"
2021/05/13 01:45:50 [crit] 5291#5291: *286 stat() "/home/arch/griinbox.com/html/true-religion-strikpullover-striktrjer-black-herrer-striktrjertrue-religion-skobutikluksuris-p-1189.html" failed (13: Permission denied), client: 172.68.57.76, server: griinbox.com, request: "GET /true-religion-strikpullover-striktr%C3%B8jer-black-herrer-striktr%C3%B8jertrue-religion-skobutikluksuri%C3%B8s-p-1189.html HTTP/1.1", host: "www.griinbox.com"
2021/05/13 01:45:50 [crit] 5291#5291: *286 stat() "/home/arch/griinbox.com/html/true-religion-strikpullover-striktrjer-black-herrer-striktrjertrue-religion-skobutikluksuris-p-1189.html" failed (13: Permission denied), client: 172.68.57.76, server: griinbox.com, request: "GET /true-religion-strikpullover-striktr%C3%B8jer-black-herrer-striktr%C3%B8jertrue-religion-skobutikluksuri%C3%B8s-p-1189.html HTTP/1.1", host: "www.griinbox.com"
2021/05/13 01:45:50 [error] 5291#5291: *286 FastCGI sent in stderr: "Primary script unknown" while reading response header from upstream, client: 172.68.57.76, server: griinbox.com, request: "GET /true-religion-strikpullover-striktr%C3%B8jer-black-herrer-striktr%C3%B8jertrue-religion-skobutikluksuri%C3%B8s-p-1189.html HTTP/1.1", upstream: "fastcgi://unix:/run/php-fpm7/php-fpm.sock:", host: "www.griinbox.com"
2021/05/13 01:45:53 [crit] 5291#5291: *279 stat() "/home/arch/griinbox.com/html/gstar-overtj-jakker-bomber-jakker-nancor-vest-l-black-autumn-winter-2016billig-g-starp-nettet-p-487.html" failed (13: Permission denied), client: 162.158.94.133, server: griinbox.com, request: "GET /gstar-overt%C3%B8j-jakker-bomber-jakker-nancor-vest-l-black-autumn-winter-2016billig-g-starp%C3%A5-nettet-p-487.html HTTP/1.1", host: "www.griinbox.com"
2021/05/13 01:45:53 [crit] 5291#5291: *279 stat() "/home/arch/griinbox.com/html/gstar-overtj-jakker-bomber-jakker-nancor-vest-l-black-autumn-winter-2016billig-g-starp-nettet-p-487.html" failed (13: Permission denied), client: 162.158.94.133, server: griinbox.com, request: "GET /gstar-overt%C3%B8j-jakker-bomber-jakker-nancor-vest-l-black-autumn-winter-2016billig-g-starp%C3%A5-nettet-p-487.html HTTP/1.1", host: "www.griinbox.com"
2021/05/13 01:45:53 [error] 5291#5291: *279 FastCGI sent in stderr: "Primary script unknown" while reading response header from upstream, client: 162.158.94.133, server: griinbox.com, request: "GET /gstar-overt%C3%B8j-jakker-bomber-jakker-nancor-vest-l-black-autumn-winter-2016billig-g-starp%C3%A5-nettet-p-487.html HTTP/1.1", upstream: "fastcgi://unix:/run/php-fpm7/php-fpm.sock:", host: "www.griinbox.com"
2021/05/13 01:45:59 [crit] 5291#5291: *259 stat() "/home/arch/griinbox.com/html/gstar-overtj-jakker-bomber-jakker-quilted-bomber-wmn-l-dk-auburn-billig-g-starklassisk-p-298.html" failed (13: Permission denied), client: 162.158.94.133, server: griinbox.com, request: "GET /gstar-overt%C3%B8j-jakker-bomber-jakker-quilted-bomber-wmn-l-dk-auburn-billig-g-starklassisk-p-298.html HTTP/1.1", host: "www.griinbox.com"
2021/05/13 01:45:59 [crit] 5291#5291: *259 stat() "/home/arch/griinbox.com/html/gstar-overtj-jakker-bomber-jakker-quilted-bomber-wmn-l-dk-auburn-billig-g-starklassisk-p-298.html" failed (13: Permission denied), client: 162.158.94.133, server: griinbox.com, request: "GET /gstar-overt%C3%B8j-jakker-bomber-jakker-quilted-bomber-wmn-l-dk-auburn-billig-g-starklassisk-p-298.html HTTP/1.1", host: "www.griinbox.com"
2021/05/13 01:45:59 [error] 5291#5291: *259 FastCGI sent in stderr: "Primary script unknown" while reading response header from upstream, client: 162.158.94.133, server: griinbox.com, request: "GET /gstar-overt%C3%B8j-jakker-bomber-jakker-quilted-bomber-wmn-l-dk-auburn-billig-g-starklassisk-p-298.html HTTP/1.1", upstream: "fastcgi://unix:/run/php-fpm7/php-fpm.sock:", host: "www.griinbox.com"
2021/05/13 01:46:04 [crit] 5291#5291: *290 stat() "/home/arch/griinbox.com/html/gstar-overtj-jakker-bomber-jakker-quilted-bomber-wmn-l-mazarine-blue-g-star-outlet-onlineoprindelige-udformning-af-designere-p-300.html" failed (13: Permission denied), client: 162.158.94.133, server: griinbox.com, request: "GET /gstar-overt%C3%B8j-jakker-bomber-jakker-quilted-bomber-wmn-l-mazarine-blue-g-star-outlet-onlineoprindelige-udformning-af-designere-p-300.html HTTP/1.1", host: "www.griinbox.com"
2021/05/13 01:46:04 [crit] 5291#5291: *290 stat() "/home/arch/griinbox.com/html/gstar-overtj-jakker-bomber-jakker-quilted-bomber-wmn-l-mazarine-blue-g-star-outlet-onlineoprindelige-udformning-af-designere-p-300.html" failed (13: Permission denied), client: 162.158.94.133, server: griinbox.com, request: "GET /gstar-overt%C3%B8j-jakker-bomber-jakker-quilted-bomber-wmn-l-mazarine-blue-g-star-outlet-onlineoprindelige-udformning-af-designere-p-300.html HTTP/1.1", host: "www.griinbox.com"
2021/05/13 01:46:04 [error] 5291#5291: *290 FastCGI sent in stderr: "Primary script unknown" while reading response header from upstream, client: 162.158.94.133, server: griinbox.com, request: "GET /gstar-overt%C3%B8j-jakker-bomber-jakker-quilted-bomber-wmn-l-mazarine-blue-g-star-outlet-onlineoprindelige-udformning-af-designere-p-300.html HTTP/1.1", upstream: "fastcgi://unix:/run/php-fpm7/php-fpm.sock:", host: "www.griinbox.com"
2021/05/13 01:46:09 [crit] 5291#5291: *292 stat() "/home/arch/griinbox.com/html/gstar-overtj-jakker-bomber-jakker-quilted-bomber-wmn-l-mazarine-blue-gstar-jeans-3301-slimcrazy-forfremmelse-p-299.html" failed (13: Permission denied), client: 162.158.94.133, server: griinbox.com, request: "GET /gstar-overt%C3%B8j-jakker-bomber-jakker-quilted-bomber-wmn-l-mazarine-blue-gstar-jeans-3301-slimcrazy-forfremmelse-p-299.html HTTP/1.1", host: "www.griinbox.com"
2021/05/13 01:46:09 [crit] 5291#5291: *292 stat() "/home/arch/griinbox.com/html/gstar-overtj-jakker-bomber-jakker-quilted-bomber-wmn-l-mazarine-blue-gstar-jeans-3301-slimcrazy-forfremmelse-p-299.html" failed (13: Permission denied), client: 162.158.94.133, server: griinbox.com, request: "GET /gstar-overt%C3%B8j-jakker-bomber-jakker-quilted-bomber-wmn-l-mazarine-blue-gstar-jeans-3301-slimcrazy-forfremmelse-p-299.html HTTP/1.1", host: "www.griinbox.com"
2021/05/13 01:46:09 [error] 5291#5291: *292 FastCGI sent in stderr: "Primary script unknown" while reading response header from upstream, client: 162.158.94.133, server: griinbox.com, request: "GET /gstar-overt%C3%B8j-jakker-bomber-jakker-quilted-bomber-wmn-l-mazarine-blue-gstar-jeans-3301-slimcrazy-forfremmelse-p-299.html HTTP/1.1", upstream: "fastcgi://unix:/run/php-fpm7/php-fpm.sock:", host: "www.griinbox.com"
2021/05/13 01:46:15 [crit] 5291#5291: *268 stat() "/home/arch/griinbox.com/html/gstar-overtj-jakker-bomber-jakker-rackam-bomber-wmn-forest-night-gstar-butik-danmarkdanmark-p-301.html" failed (13: Permission denied), client: 162.158.94.132, server: griinbox.com, request: "GET /gstar-overt%C3%B8j-jakker-bomber-jakker-rackam-bomber-wmn-forest-night-gstar-butik-danmarkdanmark-p-301.html HTTP/1.1", host: "www.griinbox.com"
2021/05/13 01:46:15 [crit] 5291#5291: *268 stat() "/home/arch/griinbox.com/html/gstar-overtj-jakker-bomber-jakker-rackam-bomber-wmn-forest-night-gstar-butik-danmarkdanmark-p-301.html" failed (13: Permission denied), client: 162.158.94.132, server: griinbox.com, request: "GET /gstar-overt%C3%B8j-jakker-bomber-jakker-rackam-bomber-wmn-forest-night-gstar-butik-danmarkdanmark-p-301.html HTTP/1.1", host: "www.griinbox.com"
2021/05/13 01:46:15 [error] 5291#5291: *268 FastCGI sent in stderr: "Primary script unknown" while reading response header from upstream, client: 162.158.94.132, server: griinbox.com, request: "GET /gstar-overt%C3%B8j-jakker-bomber-jakker-rackam-bomber-wmn-forest-night-gstar-butik-danmarkdanmark-p-301.html HTTP/1.1", upstream: "fastcgi://unix:/run/php-fpm7/php-fpm.sock:", host: "www.griinbox.com"
2021/05/13 01:46:20 [crit] 5291#5291: *279 stat() "/home/arch/griinbox.com/html/gstar-overtj-jakker-denimjakker-chopper-jkt-wmn-raw-denim-autumn-winter-2016gstar-saleonline-shopping-hjemmeside-p-307.html" failed (13: Permission denied), client: 162.158.94.133, server: griinbox.com, request: "GET /gstar-overt%C3%B8j-jakker-denimjakker-chopper-jkt-wmn-raw-denim-autumn-winter-2016gstar-saleonline-shopping-hjemmeside-p-307.html HTTP/1.1", host: "www.griinbox.com"
2021/05/13 01:46:20 [crit] 5291#5291: *279 stat() "/home/arch/griinbox.com/html/gstar-overtj-jakker-denimjakker-chopper-jkt-wmn-raw-denim-autumn-winter-2016gstar-saleonline-shopping-hjemmeside-p-307.html" failed (13: Permission denied), client: 162.158.94.133, server: griinbox.com, request: "GET /gstar-overt%C3%B8j-jakker-denimjakker-chopper-jkt-wmn-raw-denim-autumn-winter-2016gstar-saleonline-shopping-hjemmeside-p-307.html HTTP/1.1", host: "www.griinbox.com"
2021/05/13 01:46:20 [error] 5291#5291: *279 FastCGI sent in stderr: "Primary script unknown" while reading response header from upstream, client: 162.158.94.133, server: griinbox.com, request: "GET /gstar-overt%C3%B8j-jakker-denimjakker-chopper-jkt-wmn-raw-denim-autumn-winter-2016gstar-saleonline-shopping-hjemmeside-p-307.html HTTP/1.1", upstream: "fastcgi://unix:/run/php-fpm7/php-fpm.sock:", host: "www.griinbox.com"
2021/05/13 01:46:26 [crit] 5291#5291: *290 stat() "/home/arch/griinbox.com/html/gstar-overtj-jakker-dunjakker-alaska-fur-hdd-coat-wmn-whitebait-autumn-winter-2016g-star-3301-tilbudcounter-gte-p-304.html" failed (13: Permission denied), client: 162.158.94.133, server: griinbox.com, request: "GET /gstar-overt%C3%B8j-jakker-dunjakker-alaska-fur-hdd-coat-wmn-whitebait-autumn-winter-2016g-star-3301-tilbudcounter-%C3%A6gte-p-304.html HTTP/1.1", host: "www.griinbox.com"
2021/05/13 01:46:26 [crit] 5291#5291: *290 stat() "/home/arch/griinbox.com/html/gstar-overtj-jakker-dunjakker-alaska-fur-hdd-coat-wmn-whitebait-autumn-winter-2016g-star-3301-tilbudcounter-gte-p-304.html" failed (13: Permission denied), client: 162.158.94.133, server: griinbox.com, request: "GET /gstar-overt%C3%B8j-jakker-dunjakker-alaska-fur-hdd-coat-wmn-whitebait-autumn-winter-2016g-star-3301-tilbudcounter-%C3%A6gte-p-304.html HTTP/1.1", host: "www.griinbox.com"
2021/05/13 01:46:26 [error] 5291#5291: *290 FastCGI sent in stderr: "Primary script unknown" while reading response header from upstream, client: 162.158.94.133, server: griinbox.com, request: "GET /gstar-overt%C3%B8j-jakker-dunjakker-alaska-fur-hdd-coat-wmn-whitebait-autumn-winter-2016g-star-3301-tilbudcounter-%C3%A6gte-p-304.html HTTP/1.1", upstream: "fastcgi://unix:/run/php-fpm7/php-fpm.sock:", host: "www.griinbox.com"
2021/05/13 01:46:31 [crit] 5291#5291: *259 stat() "/home/arch/griinbox.com/html/gstar-overtj-jakker-dunjakker-meefic-quilted-overshirt-l-sartho-blue-autumn-winter-2016gstar-online-dkbillige-rhus-outlet-p-493.html" failed (13: Permission denied), client: 162.158.94.133, server: griinbox.com, request: "GET /gstar-overt%C3%B8j-jakker-dunjakker-meefic-quilted-overshirt-l-sartho-blue-autumn-winter-2016gstar-online-dkbillige-%C3%A5rhus-outlet-p-493.html HTTP/1.1", host: "www.griinbox.com"
2021/05/13 01:46:31 [crit] 5291#5291: *259 stat() "/home/arch/griinbox.com/html/gstar-overtj-jakker-dunjakker-meefic-quilted-overshirt-l-sartho-blue-autumn-winter-2016gstar-online-dkbillige-rhus-outlet-p-493.html" failed (13: Permission denied), client: 162.158.94.133, server: griinbox.com, request: "GET /gstar-overt%C3%B8j-jakker-dunjakker-meefic-quilted-overshirt-l-sartho-blue-autumn-winter-2016gstar-online-dkbillige-%C3%A5rhus-outlet-p-493.html HTTP/1.1", host: "www.griinbox.com"
2021/05/13 01:46:31 [error] 5291#5291: *259 FastCGI sent in stderr: "Primary script unknown" while reading response header from upstream, client: 162.158.94.133, server: griinbox.com, request: "GET /gstar-overt%C3%B8j-jakker-dunjakker-meefic-quilted-overshirt-l-sartho-blue-autumn-winter-2016gstar-online-dkbillige-%C3%A5rhus-outlet-p-493.html HTTP/1.1", upstream: "fastcgi://unix:/run/php-fpm7/php-fpm.sock:", host: "www.griinbox.com"
2021/05/13 01:46:37 [crit] 5291#5291: *298 stat() "/home/arch/griinbox.com/html/true-religion-strikpullover-striktrjer-blue-damer-striktrjertrue-religion-billi-bi-udsalgonline-p-1029.html" failed (13: Permission denied), client: 172.68.57.76, server: griinbox.com, request: "GET /true-religion-strikpullover-striktr%C3%B8jer-blue-damer-striktr%C3%B8jertrue-religion-billi-bi-udsalgonline-p-1029.html HTTP/1.1", host: "www.griinbox.com"
2021/05/13 01:46:37 [crit] 5291#5291: *298 stat() "/home/arch/griinbox.com/html/true-religion-strikpullover-striktrjer-blue-damer-striktrjertrue-religion-billi-bi-udsalgonline-p-1029.html" failed (13: Permission denied), client: 172.68.57.76, server: griinbox.com, request: "GET /true-religion-strikpullover-striktr%C3%B8jer-blue-damer-striktr%C3%B8jertrue-religion-billi-bi-udsalgonline-p-1029.html HTTP/1.1", host: "www.griinbox.com"
2021/05/13 01:46:37 [error] 5291#5291: *298 FastCGI sent in stderr: "Primary script unknown" while reading response header from upstream, client: 172.68.57.76, server: griinbox.com, request: "GET /true-religion-strikpullover-striktr%C3%B8jer-blue-damer-striktr%C3%B8jertrue-religion-billi-bi-udsalgonline-p-1029.html HTTP/1.1", upstream: "fastcgi://unix:/run/php-fpm7/php-fpm.sock:", host: "www.griinbox.com"
2021/05/13 01:46:37 [crit] 5291#5291: *292 stat() "/home/arch/griinbox.com/html/gstar-overtj-jakker-dunjakker-whistler-hdd-clr-blck-bomber-dk-black-autumn-winter-2016gstar-tj-onlinekbenhavn-strste-udvalg-p-482.html" failed (13: Permission denied), client: 162.158.94.133, server: griinbox.com, request: "GET /gstar-overt%C3%B8j-jakker-dunjakker-whistler-hdd-clr-blck-bomber-dk-black-autumn-winter-2016gstar-t%C3%B8j-onlinek%C3%B8benhavn-st%C3%B8rste-udvalg-p-482.html HTTP/1.1", host: "www.griinbox.com"
2021/05/13 01:46:37 [crit] 5291#5291: *292 stat() "/home/arch/griinbox.com/html/gstar-overtj-jakker-dunjakker-whistler-hdd-clr-blck-bomber-dk-black-autumn-winter-2016gstar-tj-onlinekbenhavn-strste-udvalg-p-482.html" failed (13: Permission denied), client: 162.158.94.133, server: griinbox.com, request: "GET /gstar-overt%C3%B8j-jakker-dunjakker-whistler-hdd-clr-blck-bomber-dk-black-autumn-winter-2016gstar-t%C3%B8j-onlinek%C3%B8benhavn-st%C3%B8rste-udvalg-p-482.html HTTP/1.1", host: "www.griinbox.com"
2021/05/13 01:46:37 [error] 5291#5291: *292 FastCGI sent in stderr: "Primary script unknown" while reading response header from upstream, client: 162.158.94.133, server: griinbox.com, request: "GET /gstar-overt%C3%B8j-jakker-dunjakker-whistler-hdd-clr-blck-bomber-dk-black-autumn-winter-2016gstar-t%C3%B8j-onlinek%C3%B8benhavn-st%C3%B8rste-udvalg-p-482.html HTTP/1.1", upstream: "fastcgi://unix:/run/php-fpm7/php-fpm.sock:", host: "www.griinbox.com"
2021/05/13 01:46:44 [crit] 5291#5291: *301 stat() "/home/arch/griinbox.com/html/gstar-overtj-jakker-dunjakker-whistler-slim-bomber-wmn-black-autumn-winter-2016gstar-tj-onlinekbenhavn-gratis-retur-p-305.html" failed (13: Permission denied), client: 162.158.94.133, server: griinbox.com, request: "GET /gstar-overt%C3%B8j-jakker-dunjakker-whistler-slim-bomber-wmn-black-autumn-winter-2016gstar-t%C3%B8j-onlinek%C3%B8benhavn-gratis-retur-p-305.html HTTP/1.1", host: "www.griinbox.com"
2021/05/13 01:46:44 [crit] 5291#5291: *301 stat() "/home/arch/griinbox.com/html/gstar-overtj-jakker-dunjakker-whistler-slim-bomber-wmn-black-autumn-winter-2016gstar-tj-onlinekbenhavn-gratis-retur-p-305.html" failed (13: Permission denied), client: 162.158.94.133, server: griinbox.com, request: "GET /gstar-overt%C3%B8j-jakker-dunjakker-whistler-slim-bomber-wmn-black-autumn-winter-2016gstar-t%C3%B8j-onlinek%C3%B8benhavn-gratis-retur-p-305.html HTTP/1.1", host: "www.griinbox.com"
2021/05/13 01:46:44 [error] 5291#5291: *301 FastCGI sent in stderr: "Primary script unknown" while reading response header from upstream, client: 162.158.94.133, server: griinbox.com, request: "GET /gstar-overt%C3%B8j-jakker-dunjakker-whistler-slim-bomber-wmn-black-autumn-winter-2016gstar-t%C3%B8j-onlinek%C3%B8benhavn-gratis-retur-p-305.html HTTP/1.1", upstream: "fastcgi://unix:/run/php-fpm7/php-fpm.sock:", host: "www.griinbox.com"
2021/05/13 01:46:49 [crit] 5291#5291: *259 stat() "/home/arch/griinbox.com/html/gstar-overtj-jakker-dunjakker-whistler-slim-coat-wmn-black-autumn-winter-2016kb-gstarsalg-online-her-p-302.html" failed (13: Permission denied), client: 162.158.94.133, server: griinbox.com, request: "GET /gstar-overt%C3%B8j-jakker-dunjakker-whistler-slim-coat-wmn-black-autumn-winter-2016k%C3%B8b-gstarsalg-online-her-p-302.html HTTP/1.1", host: "www.griinbox.com"
2021/05/13 01:46:49 [crit] 5291#5291: *259 stat() "/home/arch/griinbox.com/html/gstar-overtj-jakker-dunjakker-whistler-slim-coat-wmn-black-autumn-winter-2016kb-gstarsalg-online-her-p-302.html" failed (13: Permission denied), client: 162.158.94.133, server: griinbox.com, request: "GET /gstar-overt%C3%B8j-jakker-dunjakker-whistler-slim-coat-wmn-black-autumn-winter-2016k%C3%B8b-gstarsalg-online-her-p-302.html HTTP/1.1", host: "www.griinbox.com"
2021/05/13 01:46:49 [error] 5291#5291: *259 FastCGI sent in stderr: "Primary script unknown" while reading response header from upstream, client: 162.158.94.133, server: griinbox.com, request: "GET /gstar-overt%C3%B8j-jakker-dunjakker-whistler-slim-coat-wmn-black-autumn-winter-2016k%C3%B8b-gstarsalg-online-her-p-302.html HTTP/1.1", upstream: "fastcgi://unix:/run/php-fpm7/php-fpm.sock:", host: "www.griinbox.com"
2021/05/13 01:46:53 [crit] 5291#5291: *304 stat() "/home/arch/griinbox.com/html/gstar-overtj-jakker-dunjakker-whistler-slim-coat-wmn-mercury-autumn-winter-2016g-star-online-storeforhandlere-p-303.html" failed (13: Permission denied), client: 162.158.94.133, server: griinbox.com, request: "GET /gstar-overt%C3%B8j-jakker-dunjakker-whistler-slim-coat-wmn-mercury-autumn-winter-2016g-star-online-storeforhandlere-p-303.html HTTP/1.1", host: "www.griinbox.com"
2021/05/13 01:46:53 [crit] 5291#5291: *304 stat() "/home/arch/griinbox.com/html/gstar-overtj-jakker-dunjakker-whistler-slim-coat-wmn-mercury-autumn-winter-2016g-star-online-storeforhandlere-p-303.html" failed (13: Permission denied), client: 162.158.94.133, server: griinbox.com, request: "GET /gstar-overt%C3%B8j-jakker-dunjakker-whistler-slim-coat-wmn-mercury-autumn-winter-2016g-star-online-storeforhandlere-p-303.html HTTP/1.1", host: "www.griinbox.com"
2021/05/13 01:46:53 [error] 5291#5291: *304 FastCGI sent in stderr: "Primary script unknown" while reading response header from upstream, client: 162.158.94.133, server: griinbox.com, request: "GET /gstar-overt%C3%B8j-jakker-dunjakker-whistler-slim-coat-wmn-mercury-autumn-winter-2016g-star-online-storeforhandlere-p-303.html HTTP/1.1", upstream: "fastcgi://unix:/run/php-fpm7/php-fpm.sock:", host: "www.griinbox.com"
2021/05/13 01:46:58 [crit] 5291#5291: *259 stat() "/home/arch/griinbox.com/html/gstar-overtj-jakker-lette-jakker-chopper-clean-zip-overshirt-wmn-l-black-autumn-winter-2016gstar-online-dkperfekt-p-306.html" failed (13: Permission denied), client: 162.158.94.133, server: griinbox.com, request: "GET /gstar-overt%C3%B8j-jakker-lette-jakker-chopper-clean-zip-overshirt-wmn-l-black-autumn-winter-2016gstar-online-dkperfekt-p-306.html HTTP/1.1", host: "www.griinbox.com"
2021/05/13 01:46:58 [crit] 5291#5291: *259 stat() "/home/arch/griinbox.com/html/gstar-overtj-jakker-lette-jakker-chopper-clean-zip-overshirt-wmn-l-black-autumn-winter-2016gstar-online-dkperfekt-p-306.html" failed (13: Permission denied), client: 162.158.94.133, server: griinbox.com, request: "GET /gstar-overt%C3%B8j-jakker-lette-jakker-chopper-clean-zip-overshirt-wmn-l-black-autumn-winter-2016gstar-online-dkperfekt-p-306.html HTTP/1.1", host: "www.griinbox.com"
2021/05/13 01:46:58 [error] 5291#5291: *259 FastCGI sent in stderr: "Primary script unknown" while reading response header from upstream, client: 162.158.94.133, server: griinbox.com, request: "GET /gstar-overt%C3%B8j-jakker-lette-jakker-chopper-clean-zip-overshirt-wmn-l-black-autumn-winter-2016gstar-online-dkperfekt-p-306.html HTTP/1.1", upstream: "fastcgi://unix:/run/php-fpm7/php-fpm.sock:", host: "www.griinbox.com"
2021/05/13 01:47:02 [crit] 5291#5291: *268 stat() "/home/arch/griinbox.com/html/gstar-overtj-jakker-lette-jakker-core-zip-bf-shirt-wmn-l-black-tilbud-gstar-jeansbutikker-p-310.html" failed (13: Permission denied), client: 162.158.94.132, server: griinbox.com, request: "GET /gstar-overt%C3%B8j-jakker-lette-jakker-core-zip-bf-shirt-wmn-l-black-tilbud-gstar-jeansbutikker-p-310.html HTTP/1.1", host: "www.griinbox.com"
2021/05/13 01:47:02 [crit] 5291#5291: *268 stat() "/home/arch/griinbox.com/html/gstar-overtj-jakker-lette-jakker-core-zip-bf-shirt-wmn-l-black-tilbud-gstar-jeansbutikker-p-310.html" failed (13: Permission denied), client: 162.158.94.132, server: griinbox.com, request: "GET /gstar-overt%C3%B8j-jakker-lette-jakker-core-zip-bf-shirt-wmn-l-black-tilbud-gstar-jeansbutikker-p-310.html HTTP/1.1", host: "www.griinbox.com"
2021/05/13 01:47:02 [error] 5291#5291: *268 FastCGI sent in stderr: "Primary script unknown" while reading response header from upstream, client: 162.158.94.132, server: griinbox.com, request: "GET /gstar-overt%C3%B8j-jakker-lette-jakker-core-zip-bf-shirt-wmn-l-black-tilbud-gstar-jeansbutikker-p-310.html HTTP/1.1", upstream: "fastcgi://unix:/run/php-fpm7/php-fpm.sock:", host: "www.griinbox.com"
2021/05/13 01:47:09 [crit] 5291#5291: *308 stat() "/home/arch/griinbox.com/html/gstar-overtj-jakker-lette-jakker-minor-cropped-trench-wmn-black-tilbud-gstar-jeanshj-rabat-p-309.html" failed (13: Permission denied), client: 162.158.94.133, server: griinbox.com, request: "GET /gstar-overt%C3%B8j-jakker-lette-jakker-minor-cropped-trench-wmn-black-tilbud-gstar-jeansh%C3%B8j-rabat-p-309.html HTTP/1.1", host: "www.griinbox.com"
2021/05/13 01:47:09 [crit] 5291#5291: *308 stat() "/home/arch/griinbox.com/html/gstar-overtj-jakker-lette-jakker-minor-cropped-trench-wmn-black-tilbud-gstar-jeanshj-rabat-p-309.html" failed (13: Permission denied), client: 162.158.94.133, server: griinbox.com, request: "GET /gstar-overt%C3%B8j-jakker-lette-jakker-minor-cropped-trench-wmn-black-tilbud-gstar-jeansh%C3%B8j-rabat-p-309.html HTTP/1.1", host: "www.griinbox.com"
2021/05/13 01:47:09 [error] 5291#5291: *308 FastCGI sent in stderr: "Primary script unknown" while reading response header from upstream, client: 162.158.94.133, server: griinbox.com, request: "GET /gstar-overt%C3%B8j-jakker-lette-jakker-minor-cropped-trench-wmn-black-tilbud-gstar-jeansh%C3%B8j-rabat-p-309.html HTTP/1.1", upstream: "fastcgi://unix:/run/php-fpm7/php-fpm.sock:", host: "www.griinbox.com"
2021/05/13 01:47:15 [crit] 5291#5291: *310 stat() "/home/arch/griinbox.com/html/gstar-overtj-jakker-lette-jakker-vodan-cropped-jkt-wmn-rinsed-autumn-winter-2016billig-g-starmed-rabat-p-308.html" failed (13: Permission denied), client: 162.158.94.133, server: griinbox.com, request: "GET /gstar-overt%C3%B8j-jakker-lette-jakker-vodan-cropped-jkt-wmn-rinsed-autumn-winter-2016billig-g-starmed-rabat-p-308.html HTTP/1.1", host: "www.griinbox.com"
2021/05/13 01:47:15 [crit] 5291#5291: *310 stat() "/home/arch/griinbox.com/html/gstar-overtj-jakker-lette-jakker-vodan-cropped-jkt-wmn-rinsed-autumn-winter-2016billig-g-starmed-rabat-p-308.html" failed (13: Permission denied), client: 162.158.94.133, server: griinbox.com, request: "GET /gstar-overt%C3%B8j-jakker-lette-jakker-vodan-cropped-jkt-wmn-rinsed-autumn-winter-2016billig-g-starmed-rabat-p-308.html HTTP/1.1", host: "www.griinbox.com"
2021/05/13 01:47:15 [error] 5291#5291: *310 FastCGI sent in stderr: "Primary script unknown" while reading response header from upstream, client: 162.158.94.133, server: griinbox.com, request: "GET /gstar-overt%C3%B8j-jakker-lette-jakker-vodan-cropped-jkt-wmn-rinsed-autumn-winter-2016billig-g-starmed-rabat-p-308.html HTTP/1.1", upstream: "fastcgi://unix:/run/php-fpm7/php-fpm.sock:", host: "www.griinbox.com"
2021/05/13 01:47:21 [crit] 5291#5291: *312 stat() "/home/arch/griinbox.com/html/gstar-overtj-jakker-parkas-expedic-hdd-cotton-parka-black-autumn-winter-2016g-star-sale-jeansmere-fashionable-p-483.html" failed (13: Permission denied), client: 162.158.94.133, server: griinbox.com, request: "GET /gstar-overt%C3%B8j-jakker-parkas-expedic-hdd-cotton-parka-black-autumn-winter-2016g-star-sale-jeansmere-fashionable-p-483.html HTTP/1.1", host: "www.griinbox.com"
2021/05/13 01:47:21 [crit] 5291#5291: *312 stat() "/home/arch/griinbox.com/html/gstar-overtj-jakker-parkas-expedic-hdd-cotton-parka-black-autumn-winter-2016g-star-sale-jeansmere-fashionable-p-483.html" failed (13: Permission denied), client: 162.158.94.133, server: griinbox.com, request: "GET /gstar-overt%C3%B8j-jakker-parkas-expedic-hdd-cotton-parka-black-autumn-winter-2016g-star-sale-jeansmere-fashionable-p-483.html HTTP/1.1", host: "www.griinbox.com"
2021/05/13 01:47:21 [error] 5291#5291: *312 FastCGI sent in stderr: "Primary script unknown" while reading response header from upstream, client: 162.158.94.133, server: griinbox.com, request: "GET /gstar-overt%C3%B8j-jakker-parkas-expedic-hdd-cotton-parka-black-autumn-winter-2016g-star-sale-jeansmere-fashionable-p-483.html HTTP/1.1", upstream: "fastcgi://unix:/run/php-fpm7/php-fpm.sock:", host: "www.griinbox.com"
2021/05/13 01:47:22 [crit] 5291#5291: *314 stat() "/home/arch/griinbox.com/html/true-religion-strikpullover-striktrjer-chinablue-damer-striktrjertrue-religion-saletor-skokbenhavn-outlet-p-1031.html" failed (13: Permission denied), client: 172.68.57.76, server: griinbox.com, request: "GET /true-religion-strikpullover-striktr%C3%B8jer-chinablue-damer-striktr%C3%B8jertrue-religion-saletor-skok%C3%B8benhavn-outlet-p-1031.html HTTP/1.1", host: "www.griinbox.com"
2021/05/13 01:47:22 [crit] 5291#5291: *314 stat() "/home/arch/griinbox.com/html/true-religion-strikpullover-striktrjer-chinablue-damer-striktrjertrue-religion-saletor-skokbenhavn-outlet-p-1031.html" failed (13: Permission denied), client: 172.68.57.76, server: griinbox.com, request: "GET /true-religion-strikpullover-striktr%C3%B8jer-chinablue-damer-striktr%C3%B8jertrue-religion-saletor-skok%C3%B8benhavn-outlet-p-1031.html HTTP/1.1", host: "www.griinbox.com"
2021/05/13 01:47:22 [error] 5291#5291: *314 FastCGI sent in stderr: "Primary script unknown" while reading response header from upstream, client: 172.68.57.76, server: griinbox.com, request: "GET /true-religion-strikpullover-striktr%C3%B8jer-chinablue-damer-striktr%C3%B8jertrue-religion-saletor-skok%C3%B8benhavn-outlet-p-1031.html HTTP/1.1", upstream: "fastcgi://unix:/run/php-fpm7/php-fpm.sock:", host: "www.griinbox.com"
2021/05/13 01:47:26 [crit] 5291#5291: *310 stat() "/home/arch/griinbox.com/html/gstar-overtj-jakker-parkas-garber-trench-black-autumn-winter-2016g-star-copenhagenbedste-designer-p-491.html" failed (13: Permission denied), client: 162.158.94.133, server: griinbox.com, request: "GET /gstar-overt%C3%B8j-jakker-parkas-garber-trench-black-autumn-winter-2016g-star-copenhagenbedste-designer-p-491.html HTTP/1.1", host: "www.griinbox.com"
2021/05/13 01:47:26 [crit] 5291#5291: *310 stat() "/home/arch/griinbox.com/html/gstar-overtj-jakker-parkas-garber-trench-black-autumn-winter-2016g-star-copenhagenbedste-designer-p-491.html" failed (13: Permission denied), client: 162.158.94.133, server: griinbox.com, request: "GET /gstar-overt%C3%B8j-jakker-parkas-garber-trench-black-autumn-winter-2016g-star-copenhagenbedste-designer-p-491.html HTTP/1.1", host: "www.griinbox.com"
2021/05/13 01:47:26 [error] 5291#5291: *310 FastCGI sent in stderr: "Primary script unknown" while reading response header from upstream, client: 162.158.94.133, server: griinbox.com, request: "GET /gstar-overt%C3%B8j-jakker-parkas-garber-trench-black-autumn-winter-2016g-star-copenhagenbedste-designer-p-491.html HTTP/1.1", upstream: "fastcgi://unix:/run/php-fpm7/php-fpm.sock:", host: "www.griinbox.com"
2021/05/13 01:47:31 [crit] 5291#5291: *301 stat() "/home/arch/griinbox.com/html/gstar-overtj-jakker-parkas-garber-trench-black-autumn-winter-2016g-star-raw-danmarkoutlet-kbenhavn-p-490.html" failed (13: Permission denied), client: 162.158.94.133, server: griinbox.com, request: "GET /gstar-overt%C3%B8j-jakker-parkas-garber-trench-black-autumn-winter-2016g-star-raw-danmarkoutlet-k%C3%B8benhavn-p-490.html HTTP/1.1", host: "www.griinbox.com"
